
> assessment-gradingmatrix@0.1.0 build
> next build

▲ Next.js 16.1.6 (Turbopack)
- Environments: .env.local

  Creating an optimized production build ...

> Build error occurred
Error: Turbopack build failed with 14 errors:
./src/features/super-admin/SuperAdminContainer.tsx:1:17
Ecmascript file had an error
[0m[31m[1m>[22m[39m[90m 1 |[39m [36mimport[39m [33mReact[39m[33m,[39m { useEffect[33m,[39m useState } [36mfrom[39m [32m"react"[39m[33m;[39m
 [90m   |[39m                 [31m[1m^[22m[39m[31m[1m^[22m[39m[31m[1m^[22m[39m[31m[1m^[22m[39m[31m[1m^[22m[39m[31m[1m^[22m[39m[31m[1m^[22m[39m[31m[1m^[22m[39m[31m[1m^[22m[39m
 [90m 2 |[39m [36mimport[39m { useSuperAdminAuth } [36mfrom[39m [32m"@/hooks/useSuperAdminAuth"[39m[33m;[39m
 [90m 3 |[39m [36mimport[39m { [33mSpinner[39m } [36mfrom[39m [32m"@/components/UI/Loading"[39m[33m;[39m
 [90m 4 |[39m [36mimport[39m { [33mButton[39m } [36mfrom[39m [32m"@/components/UI/Button"[39m[33m;[39m[0m

You're importing a component that needs `useEffect`. This React Hook only works in a Client Component. To fix, mark the file (or its parent) with the `"use client"` directive.

 Learn more: https://nextjs.org/docs/app/api-reference/directives/use-client



Import trace:
  Server Component:
    ./src/features/super-admin/SuperAdminContainer.tsx
    ./src/app/super-admin/page.tsx


./src/features/super-admin/SuperAdminContainer.tsx:6:10
Ecmascript file had an error
[0m [90m 4 |[39m [36mimport[39m { [33mButton[39m } [36mfrom[39m [32m"@/components/UI/Button"[39m[33m;[39m
 [90m 5 |[39m [36mimport[39m { [33mLogOut[39m[33m,[39m [33mLayoutDashboard[39m[33m,[39m [33mAlertCircle[39m[33m,[39m [33mRefreshCw[39m[33m,[39m [33mPlusCircle[39m } [36mfrom[39m [32m"lucide-react"[39m[33m;[39m
[31m[1m>[22m[39m[90m 6 |[39m [36mimport[39m { useRouter } [36mfrom[39m [32m"next/navigation"[39m[33m;[39m
 [90m   |[39m          [31m[1m^[22m[39m[31m[1m^[22m[39m[31m[1m^[22m[39m[31m[1m^[22m[39m[31m[1m^[22m[39m[31m[1m^[22m[39m[31m[1m^[22m[39m[31m[1m^[22m[39m[31m[1m^[22m[39m
 [90m 7 |[39m [36mimport[39m [33mImage[39m [36mfrom[39m [32m"next/image"[39m[33m;[39m
 [90m 8 |[39m [36mimport[39m { showToast } [36mfrom[39m [32m"@/components/UI/Toast"[39m[33m;[39m
 [90m 9 |[39m[0m

You're importing a component that needs `useRouter`. This React Hook only works in a Client Component. To fix, mark the file (or its parent) with the `"use client"` directive.

 Learn more: https://nextjs.org/docs/app/api-reference/directives/use-client



Import trace:
  Server Component:
    ./src/features/super-admin/SuperAdminContainer.tsx
    ./src/app/super-admin/page.tsx


./src/features/super-admin/SuperAdminContainer.tsx:1:28
Ecmascript file had an error
[0m[31m[1m>[22m[39m[90m 1 |[39m [36mimport[39m [33mReact[39m[33m,[39m { useEffect[33m,[39m useState } [36mfrom[39m [32m"react"[39m[33m;[39m
 [90m   |[39m                            [31m[1m^[22m[39m[31m[1m^[22m[39m[31m[1m^[22m[39m[31m[1m^[22m[39m[31m[1m^[22m[39m[31m[1m^[22m[39m[31m[1m^[22m[39m[31m[1m^[22m[39m
 [90m 2 |[39m [36mimport[39m { useSuperAdminAuth } [36mfrom[39m [32m"@/hooks/useSuperAdminAuth"[39m[33m;[39m
 [90m 3 |[39m [36mimport[39m { [33mSpinner[39m } [36mfrom[39m [32m"@/components/UI/Loading"[39m[33m;[39m
 [90m 4 |[39m [36mimport[39m { [33mButton[39m } [36mfrom[39m [32m"@/components/UI/Button"[39m[33m;[39m[0m

You're importing a component that needs `useState`. This React Hook only works in a Client Component. To fix, mark the file (or its parent) with the `"use client"` directive.

 Learn more: https://nextjs.org/docs/app/api-reference/directives/use-client



Import trace:
  Server Component:
    ./src/features/super-admin/SuperAdminContainer.tsx
    ./src/app/super-admin/page.tsx


./src/features/super-admin/components/AssessmentModal.tsx:1:27
Ecmascript file had an error
[0m[31m[1m>[22m[39m[90m 1 |[39m [36mimport[39m [33mReact[39m[33m,[39m { useState[33m,[39m useEffect } [36mfrom[39m [32m'react'[39m[33m;[39m
 [90m   |[39m                           [31m[1m^[22m[39m[31m[1m^[22m[39m[31m[1m^[22m[39m[31m[1m^[22m[39m[31m[1m^[22m[39m[31m[1m^[22m[39m[31m[1m^[22m[39m[31m[1m^[22m[39m[31m[1m^[22m[39m
 [90m 2 |[39m [36mimport[39m { [33mButton[39m } [36mfrom[39m [32m'@/components/UI/Button'[39m[33m;[39m
 [90m 3 |[39m [36mimport[39m { [33mX[39m[33m,[39m [33mAlertTriangle[39m[33m,[39m [33mAlertCircle[39m } [36mfrom[39m [32m'lucide-react'[39m[33m;[39m
 [90m 4 |[39m [36mimport[39m { type [33mGrupoEstudiantil[39m[33m,[39m type [33mAdminUser[39m[33m,[39m type [33mAssessment[39m } [36mfrom[39m [32m'@/features/super-admin/schemas/superAdminSchemas'[39m[33m;[39m[0m

You're importing a component that needs `useEffect`. This React Hook only works in a Client Component. To fix, mark the file (or its parent) with the `"use client"` directive.

 Learn more: https://nextjs.org/docs/app/api-reference/directives/use-client



Import trace:
  Server Component:
    ./src/features/super-admin/components/AssessmentModal.tsx
    ./src/features/super-admin/SuperAdminContainer.tsx
    ./src/app/super-admin/page.tsx


./src/features/super-admin/components/AssessmentModal.tsx:1:17
Ecmascript file had an error
[0m[31m[1m>[22m[39m[90m 1 |[39m [36mimport[39m [33mReact[39m[33m,[39m { useState[33m,[39m useEffect } [36mfrom[39m [32m'react'[39m[33m;[39m
 [90m   |[39m                 [31m[1m^[22m[39m[31m[1m^[22m[39m[31m[1m^[22m[39m[31m[1m^[22m[39m[31m[1m^[22m[39m[31m[1m^[22m[39m[31m[1m^[22m[39m[31m[1m^[22m[39m
 [90m 2 |[39m [36mimport[39m { [33mButton[39m } [36mfrom[39m [32m'@/components/UI/Button'[39m[33m;[39m
 [90m 3 |[39m [36mimport[39m { [33mX[39m[33m,[39m [33mAlertTriangle[39m[33m,[39m [33mAlertCircle[39m } [36mfrom[39m [32m'lucide-react'[39m[33m;[39m
 [90m 4 |[39m [36mimport[39m { type [33mGrupoEstudiantil[39m[33m,[39m type [33mAdminUser[39m[33m,[39m type [33mAssessment[39m } [36mfrom[39m [32m'@/features/super-admin/schemas/superAdminSchemas'[39m[33m;[39m[0m

You're importing a component that needs `useState`. This React Hook only works in a Client Component. To fix, mark the file (or its parent) with the `"use client"` directive.

 Learn more: https://nextjs.org/docs/app/api-reference/directives/use-client



Import trace:
  Server Component:
    ./src/features/super-admin/components/AssessmentModal.tsx
    ./src/features/super-admin/SuperAdminContainer.tsx
    ./src/app/super-admin/page.tsx


./src/features/super-admin/hooks/useSuperAdminActions.ts:1:10
Ecmascript file had an error
[0m[31m[1m>[22m[39m[90m 1 |[39m [36mimport[39m { useState[33m,[39m useCallback } [36mfrom[39m [32m'react'[39m[33m;[39m
 [90m   |[39m          [31m[1m^[22m[39m[31m[1m^[22m[39m[31m[1m^[22m[39m[31m[1m^[22m[39m[31m[1m^[22m[39m[31m[1m^[22m[39m[31m[1m^[22m[39m[31m[1m^[22m[39m
 [90m 2 |[39m [36mimport[39m { authFetch } [36mfrom[39m [32m'@/lib/auth/authFetch'[39m[33m;[39m
 [90m 3 |[39m [36mimport[39m { showToast } [36mfrom[39m [32m'@/components/UI/Toast'[39m[33m;[39m
 [90m 4 |[39m [36mimport[39m { [0m

You're importing a component that needs `useState`. This React Hook only works in a Client Component. To fix, mark the file (or its parent) with the `"use client"` directive.

 Learn more: https://nextjs.org/docs/app/api-reference/directives/use-client



Import trace:
  Server Component:
    ./src/features/super-admin/hooks/useSuperAdminActions.ts
    ./src/features/super-admin/SuperAdminContainer.tsx
    ./src/app/super-admin/page.tsx


./src/features/super-admin/hooks/useSuperAdminData.ts:1:41
Ecmascript file had an error
[0m[31m[1m>[22m[39m[90m 1 |[39m [36mimport[39m { useState[33m,[39m useCallback[33m,[39m useRef[33m,[39m useEffect } [36mfrom[39m [32m'react'[39m[33m;[39m
 [90m   |[39m                                         [31m[1m^[22m[39m[31m[1m^[22m[39m[31m[1m^[22m[39m[31m[1m^[22m[39m[31m[1m^[22m[39m[31m[1m^[22m[39m[31m[1m^[22m[39m[31m[1m^[22m[39m[31m[1m^[22m[39m
 [90m 2 |[39m [36mimport[39m { authFetch } [36mfrom[39m [32m'@/lib/auth/authFetch'[39m[33m;[39m
 [90m 3 |[39m [36mimport[39m { 
 [90m 4 |[39m   [33mSuperAdminPanelDataSchema[39m[33m,[39m [0m

You're importing a component that needs `useEffect`. This React Hook only works in a Client Component. To fix, mark the file (or its parent) with the `"use client"` directive.

 Learn more: https://nextjs.org/docs/app/api-reference/directives/use-client



Import trace:
  Server Component:
    ./src/features/super-admin/hooks/useSuperAdminData.ts
    ./src/features/super-admin/SuperAdminContainer.tsx
    ./src/app/super-admin/page.tsx


./src/features/super-admin/hooks/useSuperAdminData.ts:1:33
Ecmascript file had an error
[0m[31m[1m>[22m[39m[90m 1 |[39m [36mimport[39m { useState[33m,[39m useCallback[33m,[39m useRef[33m,[39m useEffect } [36mfrom[39m [32m'react'[39m[33m;[39m
 [90m   |[39m                                 [31m[1m^[22m[39m[31m[1m^[22m[39m[31m[1m^[22m[39m[31m[1m^[22m[39m[31m[1m^[22m[39m[31m[1m^[22m[39m
 [90m 2 |[39m [36mimport[39m { authFetch } [36mfrom[39m [32m'@/lib/auth/authFetch'[39m[33m;[39m
 [90m 3 |[39m [36mimport[39m { 
 [90m 4 |[39m   [33mSuperAdminPanelDataSchema[39m[33m,[39m [0m

You're importing a component that needs `useRef`. This React Hook only works in a Client Component. To fix, mark the file (or its parent) with the `"use client"` directive.

 Learn more: https://nextjs.org/docs/app/api-reference/directives/use-client



Import trace:
  Server Component:
    ./src/features/super-admin/hooks/useSuperAdminData.ts
    ./src/features/super-admin/SuperAdminContainer.tsx
    ./src/app/super-admin/page.tsx


./src/features/super-admin/hooks/useSuperAdminData.ts:1:10
Ecmascript file had an error
[0m[31m[1m>[22m[39m[90m 1 |[39m [36mimport[39m { useState[33m,[39m useCallback[33m,[39m useRef[33m,[39m useEffect } [36mfrom[39m [32m'react'[39m[33m;[39m
 [90m   |[39m          [31m[1m^[22m[39m[31m[1m^[22m[39m[31m[1m^[22m[39m[31m[1m^[22m[39m[31m[1m^[22m[39m[31m[1m^[22m[39m[31m[1m^[22m[39m[31m[1m^[22m[39m
 [90m 2 |[39m [36mimport[39m { authFetch } [36mfrom[39m [32m'@/lib/auth/authFetch'[39m[33m;[39m
 [90m 3 |[39m [36mimport[39m { 
 [90m 4 |[39m   [33mSuperAdminPanelDataSchema[39m[33m,[39m [0m

You're importing a component that needs `useState`. This React Hook only works in a Client Component. To fix, mark the file (or its parent) with the `"use client"` directive.

 Learn more: https://nextjs.org/docs/app/api-reference/directives/use-client



Import trace:
  Server Component:
    ./src/features/super-admin/hooks/useSuperAdminData.ts
    ./src/features/super-admin/SuperAdminContainer.tsx
    ./src/app/super-admin/page.tsx


./src/features/super-admin/hooks/useSuperAdminFilters.ts:1:29
Ecmascript file had an error
[0m[31m[1m>[22m[39m[90m 1 |[39m [36mimport[39m { useState[33m,[39m useMemo[33m,[39m useEffect } [36mfrom[39m [32m'react'[39m[33m;[39m
 [90m   |[39m                             [31m[1m^[22m[39m[31m[1m^[22m[39m[31m[1m^[22m[39m[31m[1m^[22m[39m[31m[1m^[22m[39m[31m[1m^[22m[39m[31m[1m^[22m[39m[31m[1m^[22m[39m[31m[1m^[22m[39m
 [90m 2 |[39m [36mimport[39m { type [33mAssessment[39m[33m,[39m type [33mAdminUser[39m } [36mfrom[39m [32m'../schemas/superAdminSchemas'[39m[33m;[39m
 [90m 3 |[39m
 [90m 4 |[39m [36mexport[39m [36mfunction[39m useSuperAdminFilters(assessments[33m:[39m [33mAssessment[39m[][33m,[39m admins[33m:[39m [33mAdminUser[39m[]) {[0m

You're importing a component that needs `useEffect`. This React Hook only works in a Client Component. To fix, mark the file (or its parent) with the `"use client"` directive.

 Learn more: https://nextjs.org/docs/app/api-reference/directives/use-client



Import trace:
  Server Component:
    ./src/features/super-admin/hooks/useSuperAdminFilters.ts
    ./src/features/super-admin/SuperAdminContainer.tsx
    ./src/app/super-admin/page.tsx


./src/features/super-admin/hooks/useSuperAdminFilters.ts:1:10
Ecmascript file had an error
[0m[31m[1m>[22m[39m[90m 1 |[39m [36mimport[39m { useState[33m,[39m useMemo[33m,[39m useEffect } [36mfrom[39m [32m'react'[39m[33m;[39m
 [90m   |[39m          [31m[1m^[22m[39m[31m[1m^[22m[39m[31m[1m^[22m[39m[31m[1m^[22m[39m[31m[1m^[22m[39m[31m[1m^[22m[39m[31m[1m^[22m[39m[31m[1m^[22m[39m
 [90m 2 |[39m [36mimport[39m { type [33mAssessment[39m[33m,[39m type [33mAdminUser[39m } [36mfrom[39m [32m'../schemas/superAdminSchemas'[39m[33m;[39m
 [90m 3 |[39m
 [90m 4 |[39m [36mexport[39m [36mfunction[39m useSuperAdminFilters(assessments[33m:[39m [33mAssessment[39m[][33m,[39m admins[33m:[39m [33mAdminUser[39m[]) {[0m

You're importing a component that needs `useState`. This React Hook only works in a Client Component. To fix, mark the file (or its parent) with the `"use client"` directive.

 Learn more: https://nextjs.org/docs/app/api-reference/directives/use-client



Import trace:
  Server Component:
    ./src/features/super-admin/hooks/useSuperAdminFilters.ts
    ./src/features/super-admin/SuperAdminContainer.tsx
    ./src/app/super-admin/page.tsx


./src/hooks/useSuperAdminAuth.ts:1:20
Ecmascript file had an error
[0m[31m[1m>[22m[39m[90m 1 |[39m [36mimport[39m { useState[33m,[39m useEffect[33m,[39m useCallback } [36mfrom[39m [32m"react"[39m[33m;[39m
 [90m   |[39m                    [31m[1m^[22m[39m[31m[1m^[22m[39m[31m[1m^[22m[39m[31m[1m^[22m[39m[31m[1m^[22m[39m[31m[1m^[22m[39m[31m[1m^[22m[39m[31m[1m^[22m[39m[31m[1m^[22m[39m
 [90m 2 |[39m [36mimport[39m { useRouter } [36mfrom[39m [32m"next/navigation"[39m[33m;[39m
 [90m 3 |[39m
 [90m 4 |[39m [36mexport[39m [36mconst[39m useSuperAdminAuth [33m=[39m () [33m=>[39m {[0m

You're importing a component that needs `useEffect`. This React Hook only works in a Client Component. To fix, mark the file (or its parent) with the `"use client"` directive.

 Learn more: https://nextjs.org/docs/app/api-reference/directives/use-client



Import trace:
  Server Component:
    ./src/hooks/useSuperAdminAuth.ts
    ./src/features/super-admin/SuperAdminContainer.tsx
    ./src/app/super-admin/page.tsx


./src/hooks/useSuperAdminAuth.ts:2:10
Ecmascript file had an error
[0m [90m 1 |[39m [36mimport[39m { useState[33m,[39m useEffect[33m,[39m useCallback } [36mfrom[39m [32m"react"[39m[33m;[39m
[31m[1m>[22m[39m[90m 2 |[39m [36mimport[39m { useRouter } [36mfrom[39m [32m"next/navigation"[39m[33m;[39m
 [90m   |[39m          [31m[1m^[22m[39m[31m[1m^[22m[39m[31m[1m^[22m[39m[31m[1m^[22m[39m[31m[1m^[22m[39m[31m[1m^[22m[39m[31m[1m^[22m[39m[31m[1m^[22m[39m[31m[1m^[22m[39m
 [90m 3 |[39m
 [90m 4 |[39m [36mexport[39m [36mconst[39m useSuperAdminAuth [33m=[39m () [33m=>[39m {
 [90m 5 |[39m   [36mconst[39m [isSuperAdmin[33m,[39m setIsSuperAdmin] [33m=[39m useState[33m<[39m[33mboolean[39m [33m|[39m [36mnull[39m[33m>[39m([36mnull[39m)[33m;[39m [90m// null = loading[39m[0m

You're importing a component that needs `useRouter`. This React Hook only works in a Client Component. To fix, mark the file (or its parent) with the `"use client"` directive.

 Learn more: https://nextjs.org/docs/app/api-reference/directives/use-client



Import trace:
  Server Component:
    ./src/hooks/useSuperAdminAuth.ts
    ./src/features/super-admin/SuperAdminContainer.tsx
    ./src/app/super-admin/page.tsx


./src/hooks/useSuperAdminAuth.ts:1:10
Ecmascript file had an error
[0m[31m[1m>[22m[39m[90m 1 |[39m [36mimport[39m { useState[33m,[39m useEffect[33m,[39m useCallback } [36mfrom[39m [32m"react"[39m[33m;[39m
 [90m   |[39m          [31m[1m^[22m[39m[31m[1m^[22m[39m[31m[1m^[22m[39m[31m[1m^[22m[39m[31m[1m^[22m[39m[31m[1m^[22m[39m[31m[1m^[22m[39m[31m[1m^[22m[39m
 [90m 2 |[39m [36mimport[39m { useRouter } [36mfrom[39m [32m"next/navigation"[39m[33m;[39m
 [90m 3 |[39m
 [90m 4 |[39m [36mexport[39m [36mconst[39m useSuperAdminAuth [33m=[39m () [33m=>[39m {[0m

You're importing a component that needs `useState`. This React Hook only works in a Client Component. To fix, mark the file (or its parent) with the `"use client"` directive.

 Learn more: https://nextjs.org/docs/app/api-reference/directives/use-client



Import trace:
  Server Component:
    ./src/hooks/useSuperAdminAuth.ts
    ./src/features/super-admin/SuperAdminContainer.tsx
    ./src/app/super-admin/page.tsx


    at <unknown> (./src/features/super-admin/SuperAdminContainer.tsx:1:17)
    at <unknown> (./src/features/super-admin/SuperAdminContainer.tsx:6:10)
    at <unknown> (./src/features/super-admin/SuperAdminContainer.tsx:1:28)
    at <unknown> (./src/features/super-admin/components/AssessmentModal.tsx:1:27)
    at <unknown> (./src/features/super-admin/components/AssessmentModal.tsx:1:17)
    at <unknown> (./src/features/super-admin/hooks/useSuperAdminActions.ts:1:10)
    at <unknown> (./src/features/super-admin/hooks/useSuperAdminData.ts:1:41)
    at <unknown> (./src/features/super-admin/hooks/useSuperAdminData.ts:1:33)
    at <unknown> (./src/features/super-admin/hooks/useSuperAdminData.ts:1:10)
    at <unknown> (./src/features/super-admin/hooks/useSuperAdminFilters.ts:1:29)
    at <unknown> (./src/features/super-admin/hooks/useSuperAdminFilters.ts:1:10)
    at <unknown> (./src/hooks/useSuperAdminAuth.ts:1:20)
    at <unknown> (./src/hooks/useSuperAdminAuth.ts:2:10)
    at <unknown> (./src/hooks/useSuperAdminAuth.ts:1:10)
